..                                                                       [100%]
=============================== warnings summary ===============================
.venv/lib/python3.13/site-packages/starlette/formparsers.py:10
  /home/kali/seethroughwalls/.venv/lib/python3.13/site-packages/starlette/formparsers.py:10: PendingDeprecationWarning: Please use `import python_multipart` instead.
    import multipart

tests/test_rate_limit.py: 61 warnings
  /home/kali/seethroughwalls/.venv/lib/python3.13/site-packages/httpx/_content.py:204: DeprecationWarning: Use 'content=<...>' to upload raw bytes/text content.
    warnings.warn(message, DeprecationWarning)

-- Docs: https://docs.pytest.org/en/stable/how-to/capture-warnings.html
2 passed, 62 warnings in 0.28s
